2026-09-26 14:41:03,762 - INFO - total number of rows and columns : (303, 14)
2026-09-26 14:41:03,763 - INFO - null values in the data : age         0
sex         0
cp          0
trestbps    0
chol        0
fbs         0
restecg     0
thalach     0
exang       0
oldpeak     0
slope       0
ca          0
thal        0
target      0
dtype: int64
2026-09-26 14:41:03,764 - INFO - [1 0]
2026-09-26 14:41:03,765 - INFO -  training data size : 
 (242, 13) =>  (242,)
2026-09-26 14:41:03,765 - INFO -  testing data size : 
 (61, 13) => (61,)
2026-09-26 14:41:03,989 - INFO - Total Final Training data shape : (242,)
2026-09-26 14:41:03,989 - INFO - Number of Rows for Good :1 : Class : 133
2026-09-26 14:41:03,989 - INFO - Number of Rows for Bad :0 : Class : 109
2026-09-26 14:41:03,994 - INFO - After Balancing Training data shape : (266,)
2026-09-26 14:41:03,994 - INFO - Number of Rows for Good :1 : Class : 133
2026-09-26 14:41:03,994 - INFO - Number of Rows for Bad :0 : Class : 133
